<html>
<body>
<pre>
<h1>µVision Build Log</h1>
<h2>Tool Versions:</h2>
IDE-Version: µVision V5.24.2.0
Copyright (C) 2017 ARM Ltd and ARM Germany GmbH. All rights reserved.
License Information: Emmanuel manuf, INSA Toulouse, LIC=----
 
Tool Versions:
Toolchain:       MDK-Lite  Version: 5.24.1
Toolchain Path:  C:\Keil_v5\ARM\ARMCC\Bin
C Compiler:      Armcc.exe V5.06 update 5 (build 528)
Assembler:       Armasm.exe V5.06 update 5 (build 528)
Linker/Locator:  ArmLink.exe V5.06 update 5 (build 528)
Library Manager: ArmAr.exe V5.06 update 5 (build 528)
Hex Converter:   FromElf.exe V5.06 update 5 (build 528)
CPU DLL:         SARMCM3.DLL V5.24.1
Dialog DLL:      DARMSTM.DLL V1.68.0.0
Target DLL:      STLink\ST-LINKIII-KEIL_SWO.dll V3.0.1.0
Dialog DLL:      TARMSTM.DLL V1.66.0.0
 
<h2>Project:</h2>
F:\Cours\INSA\Semestre2_3A\BE CHTI\DFT\Projet_Step_1\Proj_Step_1.uvproj
Project File Date:  05/19/2018

<h2>Output:</h2>
*** Using Compiler 'V5.06 update 5 (build 528)', folder: 'C:\Keil_v5\ARM\ARMCC\Bin'
Rebuild target 'Cible_Simulateur'
assembling Signal.asm...
assembling startup-rvds.s...
assembling Tempo.s...
Sources\Tempo.s(68): warning: A1581W: Added 2 bytes of padding at address 0x4e
assembling Trigo.asm...
compiling principal.c...
Sources\principal.c(13): warning:  #550-D: variable "resCos"  was set but never used
  int resCos[64] ;
Sources\principal.c(14): warning:  #550-D: variable "resSin"  was set but never used
  int resSin[64] ;
Sources\principal.c: 2 warnings, 0 errors
assembling bruitverre.asm...
linking...
Program Size: Code=312 RO-data=636 RW-data=0 ZI-data=1024  
".\Proj_Step_1.axf" - 0 Error(s), 3 Warning(s).
Build Time Elapsed:  00:00:00
</pre>
</body>
</html>
