Component: ARM Compiler 5.06 update 4 (build 422) Tool: armlink [4d35d2]

==============================================================================

Section Cross References

    principal.o(.text) refers to adc_dma.o(.text) for Start_DMA1
    principal.o(.text) refers to m2.o(moncode) for M2
    principal.o(.text) refers to clock.o(.text) for CLOCK_Configure
    principal.o(.text) refers to gpio.o(.text) for GPIO_Configure
    principal.o(.text) refers to timer_systick.o(.text) for Systick_Period_ff
    principal.o(.text) refers to principal.o(.bss) for dma_buf
    principal.o(.text) refers to principal.o(.data) for valk
    m2.o(moncode) refers to somme.o(moncode) for Somme
    m2.o(moncode) refers to trigo.o(Trigo) for TabCos
    startup-rvds.o(RESET) refers to startup-rvds.o(STACK) for __initial_sp
    startup-rvds.o(RESET) refers to startup-rvds.o(.text) for Reset_Handler
    startup-rvds.o(RESET) refers to timer_systick.o(.text) for SysTick_Handler
    startup-rvds.o(RESET) refers to timer_1234.o(.text) for TIM1_UP_IRQHandler
    startup-rvds.o(.text) refers to entry.o(.ARM.Collect$$$$00000000) for __main
    adc_dma.o(.text) refers to clock.o(.text) for CLOCK_GetADCCLK
    adc_dma.o(.text) refers to ffltui.o(.text) for __aeabi_ui2f
    adc_dma.o(.text) refers to fmul.o(.text) for __aeabi_fmul
    adc_dma.o(.text) refers to f2d.o(.text) for __aeabi_f2d
    adc_dma.o(.text) refers to dmul.o(.text) for __aeabi_dmul
    adc_dma.o(.text) refers to d2f.o(.text) for __aeabi_d2f
    adc_dma.o(.text) refers to cdcmple.o(.text) for __aeabi_cdcmple
    adc_dma.o(.text) refers to dadd.o(.text) for __aeabi_dadd
    adc_dma.o(.text) refers to ddiv.o(.text) for __aeabi_ddiv
    adc_dma.o(.text) refers to timer_1234.o(.text) for PWM_Init
    adc_dma.o(.text) refers to adc_dma.o(.data) for Ptr_ADC1
    timer_systick.o(.text) refers to clock.o(.text) for CLOCK_GetHCLK
    timer_systick.o(.text) refers to ffltui.o(.text) for __aeabi_ui2f
    timer_systick.o(.text) refers to fmul.o(.text) for __aeabi_fmul
    timer_systick.o(.text) refers to f2d.o(.text) for __aeabi_f2d
    timer_systick.o(.text) refers to ddiv.o(.text) for __aeabi_ddiv
    timer_systick.o(.text) refers to d2f.o(.text) for __aeabi_d2f
    timer_systick.o(.text) refers to ffixui.o(.text) for __aeabi_f2uiz
    timer_systick.o(.text) refers to fdiv.o(.text) for __aeabi_fdiv
    timer_systick.o(.text) refers to dmul.o(.text) for __aeabi_dmul
    timer_systick.o(.text) refers to cdrcmple.o(.text) for __aeabi_cdrcmple
    timer_systick.o(.text) refers to timer_systick.o(.data) for Ptr_Systick
    timer_1234.o(.text) refers to clock.o(.text) for CLOCK_GetTIMCLK
    timer_1234.o(.text) refers to ffltui.o(.text) for __aeabi_ui2f
    timer_1234.o(.text) refers to fmul.o(.text) for __aeabi_fmul
    timer_1234.o(.text) refers to f2d.o(.text) for __aeabi_f2d
    timer_1234.o(.text) refers to ddiv.o(.text) for __aeabi_ddiv
    timer_1234.o(.text) refers to d2f.o(.text) for __aeabi_d2f
    timer_1234.o(.text) refers to ffixui.o(.text) for __aeabi_f2uiz
    timer_1234.o(.text) refers to fdiv.o(.text) for __aeabi_fdiv
    timer_1234.o(.text) refers to dfltui.o(.text) for __aeabi_ui2d
    timer_1234.o(.text) refers to dadd.o(.text) for __aeabi_dadd
    timer_1234.o(.text) refers to dmul.o(.text) for __aeabi_dmul
    timer_1234.o(.text) refers to timer_1234.o(.data) for Ptr_TIM1
    timer_1234.o(.text) refers to cdcmple.o(.text) for __aeabi_cdcmple
    timer_1234.o(.text) refers to cdrcmple.o(.text) for __aeabi_cdrcmple
    timer_1234.o(.text) refers to fflti.o(.text) for __aeabi_i2f
    timer_1234.o(.text) refers to ffixi.o(.text) for __aeabi_f2iz
    entry.o(.ARM.Collect$$$$00000000) refers (Special) to entry10a.o(.ARM.Collect$$$$0000000D) for __rt_final_cpp
    entry.o(.ARM.Collect$$$$00000000) refers (Special) to entry11a.o(.ARM.Collect$$$$0000000F) for __rt_final_exit
    entry.o(.ARM.Collect$$$$00000000) refers (Special) to entry7b.o(.ARM.Collect$$$$00000008) for _main_clock
    entry.o(.ARM.Collect$$$$00000000) refers (Special) to entry8b.o(.ARM.Collect$$$$0000000A) for _main_cpp_init
    entry.o(.ARM.Collect$$$$00000000) refers (Special) to entry9a.o(.ARM.Collect$$$$0000000B) for _main_init
    entry.o(.ARM.Collect$$$$00000000) refers (Special) to entry5.o(.ARM.Collect$$$$00000004) for _main_scatterload
    entry.o(.ARM.Collect$$$$00000000) refers (Special) to entry2.o(.ARM.Collect$$$$00000001) for _main_stk
    fmul.o(.text) refers (Special) to iusefp.o(.text) for __I$use$fp
    fdiv.o(.text) refers (Special) to iusefp.o(.text) for __I$use$fp
    fdiv.o(.text) refers to fepilogue.o(.text) for _float_round
    dadd.o(.text) refers (Special) to iusefp.o(.text) for __I$use$fp
    dadd.o(.text) refers to llshl.o(.text) for __aeabi_llsl
    dadd.o(.text) refers to llsshr.o(.text) for __aeabi_lasr
    dadd.o(.text) refers to depilogue.o(.text) for _double_epilogue
    dmul.o(.text) refers (Special) to iusefp.o(.text) for __I$use$fp
    dmul.o(.text) refers to depilogue.o(.text) for _double_epilogue
    ddiv.o(.text) refers (Special) to iusefp.o(.text) for __I$use$fp
    ddiv.o(.text) refers to depilogue.o(.text) for _double_round
    fflti.o(.text) refers (Special) to iusefp.o(.text) for __I$use$fp
    fflti.o(.text) refers to fepilogue.o(.text) for _float_epilogue
    ffltui.o(.text) refers (Special) to iusefp.o(.text) for __I$use$fp
    ffltui.o(.text) refers to fepilogue.o(.text) for _float_epilogue
    dfltui.o(.text) refers (Special) to iusefp.o(.text) for __I$use$fp
    dfltui.o(.text) refers to depilogue.o(.text) for _double_epilogue
    ffixi.o(.text) refers (Special) to iusefp.o(.text) for __I$use$fp
    ffixui.o(.text) refers (Special) to iusefp.o(.text) for __I$use$fp
    f2d.o(.text) refers (Special) to iusefp.o(.text) for __I$use$fp
    cdcmple.o(.text) refers (Special) to iusefp.o(.text) for __I$use$fp
    cdrcmple.o(.text) refers (Special) to iusefp.o(.text) for __I$use$fp
    d2f.o(.text) refers (Special) to iusefp.o(.text) for __I$use$fp
    d2f.o(.text) refers to fepilogue.o(.text) for _float_round
    entry2.o(.ARM.Collect$$$$00000001) refers to entry2.o(.ARM.Collect$$$$00002712) for __lit__00000000
    entry2.o(.ARM.Collect$$$$00002712) refers to startup-rvds.o(STACK) for __initial_sp
    entry2.o(__vectab_stack_and_reset_area) refers to startup-rvds.o(STACK) for __initial_sp
    entry2.o(__vectab_stack_and_reset_area) refers to entry.o(.ARM.Collect$$$$00000000) for __main
    entry5.o(.ARM.Collect$$$$00000004) refers to init.o(.text) for __scatterload
    entry9a.o(.ARM.Collect$$$$0000000B) refers to principal.o(.text) for main
    entry9b.o(.ARM.Collect$$$$0000000C) refers to principal.o(.text) for main
    depilogue.o(.text) refers to llshl.o(.text) for __aeabi_llsl
    depilogue.o(.text) refers to llushr.o(.text) for __aeabi_llsr
    init.o(.text) refers to entry5.o(.ARM.Collect$$$$00000004) for __main_after_scatterload


==============================================================================

Removing Unused input sections from the image.

    Removing principal.o(.rev16_text), (4 bytes).
    Removing principal.o(.revsh_text), (4 bytes).
    Removing bruitverre.o(SecSon), (11032 bytes).
    Removing signal.o(Signal), (128 bytes).
    Removing m2.o(maram), (4 bytes).
    Removing somme.o(maram), (4 bytes).
    Removing startup-rvds.o(HEAP), (512 bytes).

7 unused section(s) (total 11688 bytes) removed from the image.

==============================================================================

Image Symbol Table

    Local Symbols

    Symbol Name                              Value     Ov Type        Size  Object(Section)

    ../clib/microlib/init/entry.s            0x00000000   Number         0  entry7b.o ABSOLUTE
    ../clib/microlib/init/entry.s            0x00000000   Number         0  entry.o ABSOLUTE
    ../clib/microlib/init/entry.s            0x00000000   Number         0  entry9a.o ABSOLUTE
    ../clib/microlib/init/entry.s            0x00000000   Number         0  entry11b.o ABSOLUTE
    ../clib/microlib/init/entry.s            0x00000000   Number         0  entry11a.o ABSOLUTE
    ../clib/microlib/init/entry.s            0x00000000   Number         0  entry8b.o ABSOLUTE
    ../clib/microlib/init/entry.s            0x00000000   Number         0  entry2.o ABSOLUTE
    ../clib/microlib/init/entry.s            0x00000000   Number         0  entry10b.o ABSOLUTE
    ../clib/microlib/init/entry.s            0x00000000   Number         0  entry5.o ABSOLUTE
    ../clib/microlib/init/entry.s            0x00000000   Number         0  entry8a.o ABSOLUTE
    ../clib/microlib/init/entry.s            0x00000000   Number         0  entry10a.o ABSOLUTE
    ../clib/microlib/init/entry.s            0x00000000   Number         0  entry7a.o ABSOLUTE
    ../clib/microlib/init/entry.s            0x00000000   Number         0  entry9b.o ABSOLUTE
    ../clib/microlib/longlong.c              0x00000000   Number         0  llsshr.o ABSOLUTE
    ../clib/microlib/longlong.c              0x00000000   Number         0  llshl.o ABSOLUTE
    ../clib/microlib/longlong.c              0x00000000   Number         0  llushr.o ABSOLUTE
    ../clib/microlib/stubs.s                 0x00000000   Number         0  iusefp.o ABSOLUTE
    ../fplib/microlib/d2f.c                  0x00000000   Number         0  d2f.o ABSOLUTE
    ../fplib/microlib/f2d.c                  0x00000000   Number         0  f2d.o ABSOLUTE
    ../fplib/microlib/fpadd.c                0x00000000   Number         0  dadd.o ABSOLUTE
    ../fplib/microlib/fpdiv.c                0x00000000   Number         0  ddiv.o ABSOLUTE
    ../fplib/microlib/fpdiv.c                0x00000000   Number         0  fdiv.o ABSOLUTE
    ../fplib/microlib/fpepilogue.c           0x00000000   Number         0  depilogue.o ABSOLUTE
    ../fplib/microlib/fpepilogue.c           0x00000000   Number         0  fepilogue.o ABSOLUTE
    ../fplib/microlib/fpfix.c                0x00000000   Number         0  ffixui.o ABSOLUTE
    ../fplib/microlib/fpfix.c                0x00000000   Number         0  ffixi.o ABSOLUTE
    ../fplib/microlib/fpflt.c                0x00000000   Number         0  dfltui.o ABSOLUTE
    ../fplib/microlib/fpflt.c                0x00000000   Number         0  ffltui.o ABSOLUTE
    ../fplib/microlib/fpflt.c                0x00000000   Number         0  fflti.o ABSOLUTE
    ../fplib/microlib/fpmul.c                0x00000000   Number         0  fmul.o ABSOLUTE
    ../fplib/microlib/fpmul.c                0x00000000   Number         0  dmul.o ABSOLUTE
    ADC_DMA.c                                0x00000000   Number         0  adc_dma.o ABSOLUTE
    GPIO.c                                   0x00000000   Number         0  gpio.o ABSOLUTE
    Sources\M2.s                             0x00000000   Number         0  m2.o ABSOLUTE
    Sources\Signal.asm                       0x00000000   Number         0  signal.o ABSOLUTE
    Sources\Somme.s                          0x00000000   Number         0  somme.o ABSOLUTE
    Sources\Trigo.asm                        0x00000000   Number         0  trigo.o ABSOLUTE
    Sources\\principal.c                     0x00000000   Number         0  principal.o ABSOLUTE
    Sources\bruitverre.asm                   0x00000000   Number         0  bruitverre.o ABSOLUTE
    Sources\principal.c                      0x00000000   Number         0  principal.o ABSOLUTE
    Systeme\startup-rvds.s                   0x00000000   Number         0  startup-rvds.o ABSOLUTE
    Timer_1234.c                             0x00000000   Number         0  timer_1234.o ABSOLUTE
    Timer_Systick.c                          0x00000000   Number         0  timer_systick.o ABSOLUTE
    cdcmple.s                                0x00000000   Number         0  cdcmple.o ABSOLUTE
    cdrcmple.s                               0x00000000   Number         0  cdrcmple.o ABSOLUTE
    clock.c                                  0x00000000   Number         0  clock.o ABSOLUTE
    dc.s                                     0x00000000   Number         0  dc.o ABSOLUTE
    handlers.s                               0x00000000   Number         0  handlers.o ABSOLUTE
    init.s                                   0x00000000   Number         0  init.o ABSOLUTE
    RESET                                    0x08000000   Section      236  startup-rvds.o(RESET)
    .ARM.Collect$$$$00000000                 0x080000ec   Section        0  entry.o(.ARM.Collect$$$$00000000)
    .ARM.Collect$$$$00000001                 0x080000ec   Section        4  entry2.o(.ARM.Collect$$$$00000001)
    .ARM.Collect$$$$00000004                 0x080000f0   Section        4  entry5.o(.ARM.Collect$$$$00000004)
    .ARM.Collect$$$$00000008                 0x080000f4   Section        0  entry7b.o(.ARM.Collect$$$$00000008)
    .ARM.Collect$$$$0000000A                 0x080000f4   Section        0  entry8b.o(.ARM.Collect$$$$0000000A)
    .ARM.Collect$$$$0000000B                 0x080000f4   Section        8  entry9a.o(.ARM.Collect$$$$0000000B)
    .ARM.Collect$$$$0000000D                 0x080000fc   Section        0  entry10a.o(.ARM.Collect$$$$0000000D)
    .ARM.Collect$$$$0000000F                 0x080000fc   Section        0  entry11a.o(.ARM.Collect$$$$0000000F)
    .ARM.Collect$$$$00002712                 0x080000fc   Section        4  entry2.o(.ARM.Collect$$$$00002712)
    __lit__00000000                          0x080000fc   Data           4  entry2.o(.ARM.Collect$$$$00002712)
    .text                                    0x08000100   Section        0  principal.o(.text)
    .text                                    0x0800026c   Section       76  startup-rvds.o(.text)
    .text                                    0x080002b8   Section        0  adc_dma.o(.text)
    .text                                    0x080008dc   Section        0  clock.o(.text)
    CLOCK_HPRECompute                        0x080008dd   Thumb Code   120  clock.o(.text)
    .text                                    0x08000a2c   Section        0  gpio.o(.text)
    .text                                    0x08000bac   Section        0  timer_systick.o(.text)
    .text                                    0x08000d0c   Section        0  timer_1234.o(.text)
    .text                                    0x08002020   Section        0  fmul.o(.text)
    .text                                    0x08002084   Section        0  fdiv.o(.text)
    .text                                    0x08002100   Section        0  dadd.o(.text)
    .text                                    0x0800224e   Section        0  dmul.o(.text)
    .text                                    0x08002332   Section        0  ddiv.o(.text)
    .text                                    0x08002410   Section        0  fflti.o(.text)
    .text                                    0x08002422   Section        0  ffltui.o(.text)
    .text                                    0x0800242c   Section        0  dfltui.o(.text)
    .text                                    0x08002446   Section        0  ffixi.o(.text)
    .text                                    0x08002478   Section        0  ffixui.o(.text)
    .text                                    0x080024a0   Section        0  f2d.o(.text)
    .text                                    0x080024c8   Section       48  cdcmple.o(.text)
    .text                                    0x080024f8   Section       48  cdrcmple.o(.text)
    .text                                    0x08002528   Section        0  d2f.o(.text)
    .text                                    0x08002560   Section        0  llshl.o(.text)
    .text                                    0x0800257e   Section        0  llsshr.o(.text)
    .text                                    0x080025a2   Section        0  fepilogue.o(.text)
    .text                                    0x080025a2   Section        0  iusefp.o(.text)
    .text                                    0x08002610   Section        0  depilogue.o(.text)
    .text                                    0x080026cc   Section       36  init.o(.text)
    .text                                    0x080026f0   Section        0  llushr.o(.text)
    i.__scatterload_copy                     0x08002710   Section       14  handlers.o(i.__scatterload_copy)
    i.__scatterload_null                     0x0800271e   Section        2  handlers.o(i.__scatterload_null)
    i.__scatterload_zeroinit                 0x08002720   Section       14  handlers.o(i.__scatterload_zeroinit)
    moncode                                  0x08002730   Section       48  m2.o(moncode)
    moncode                                  0x08002760   Section       52  somme.o(moncode)
    Trigo                                    0x080027b4   Section      256  trigo.o(Trigo)
    .data                                    0x20000000   Section       32  principal.o(.data)
    .data                                    0x20000020   Section       12  adc_dma.o(.data)
    Ptr_ADC1                                 0x20000020   Data           4  adc_dma.o(.data)
    Ptr_ADC2                                 0x20000024   Data           4  adc_dma.o(.data)
    Ptr_DMA1                                 0x20000028   Data           4  adc_dma.o(.data)
    .data                                    0x2000002c   Section        4  timer_systick.o(.data)
    Ptr_Systick                              0x2000002c   Data           4  timer_systick.o(.data)
    .data                                    0x20000030   Section      160  timer_1234.o(.data)
    Ptr_TIM1                                 0x20000030   Data           4  timer_1234.o(.data)
    Ptr_TIM2                                 0x20000034   Data           4  timer_1234.o(.data)
    Ptr_TIM3                                 0x20000038   Data           4  timer_1234.o(.data)
    Ptr_TIM4                                 0x2000003c   Data           4  timer_1234.o(.data)
    Ptr_TIM1_Voie1                           0x20000050   Data           4  timer_1234.o(.data)
    Ptr_TIM1_Voie2                           0x20000054   Data           4  timer_1234.o(.data)
    Ptr_TIM1_Voie3                           0x20000058   Data           4  timer_1234.o(.data)
    Ptr_TIM1_Voie4                           0x2000005c   Data           4  timer_1234.o(.data)
    Ptr_TIM2_Voie1                           0x20000060   Data           4  timer_1234.o(.data)
    Ptr_TIM2_Voie2                           0x20000064   Data           4  timer_1234.o(.data)
    Ptr_TIM2_Voie3                           0x20000068   Data           4  timer_1234.o(.data)
    Ptr_TIM2_Voie4                           0x2000006c   Data           4  timer_1234.o(.data)
    Ptr_TIM3_Voie1                           0x20000070   Data           4  timer_1234.o(.data)
    Ptr_TIM3_Voie2                           0x20000074   Data           4  timer_1234.o(.data)
    Ptr_TIM3_Voie3                           0x20000078   Data           4  timer_1234.o(.data)
    Ptr_TIM3_Voie4                           0x2000007c   Data           4  timer_1234.o(.data)
    Ptr_TIM4_Voie1                           0x20000080   Data           4  timer_1234.o(.data)
    Ptr_TIM4_Voie2                           0x20000084   Data           4  timer_1234.o(.data)
    Ptr_TIM4_Voie3                           0x20000088   Data           4  timer_1234.o(.data)
    Ptr_TIM4_Voie4                           0x2000008c   Data           4  timer_1234.o(.data)
    Duree_Pulse_T1                           0x20000090   Data           8  timer_1234.o(.data)
    Duree_Pulse_T2                           0x20000098   Data           8  timer_1234.o(.data)
    Duree_Pulse_T3                           0x200000a0   Data           8  timer_1234.o(.data)
    Duree_Pulse_T4                           0x200000a8   Data           8  timer_1234.o(.data)
    Date_T1                                  0x200000b0   Data           8  timer_1234.o(.data)
    Date_T2                                  0x200000b8   Data           8  timer_1234.o(.data)
    Date_T3                                  0x200000c0   Data           8  timer_1234.o(.data)
    Date_T4                                  0x200000c8   Data           8  timer_1234.o(.data)
    .bss                                     0x200000d0   Section      408  principal.o(.bss)
    STACK                                    0x20000268   Section     1024  startup-rvds.o(STACK)

    Global Symbols

    Symbol Name                              Value     Ov Type        Size  Object(Section)

    BuildAttributes$$THM_ISAv4$P$D$K$B$S$PE$A:L22UL41UL21$X:L11$S22US41US21$IEEE1$IW$USESV6$~STKCKD$USESV7$~SHL$OTIME$ROPI$EBA8$MICROLIB$REQ8$EABIv2 0x00000000   Number         0  anon$$obj.o ABSOLUTE
    __ARM_use_no_argv                        0x00000000   Number         0  principal.o ABSOLUTE
    __cpp_initialize__aeabi_                  - Undefined Weak Reference
    __cxa_finalize                            - Undefined Weak Reference
    __decompress                              - Undefined Weak Reference
    _clock_init                               - Undefined Weak Reference
    _microlib_exit                            - Undefined Weak Reference
    __Vectors_Size                           0x000000ec   Number         0  startup-rvds.o ABSOLUTE
    __Vectors                                0x08000000   Data           4  startup-rvds.o(RESET)
    __Vectors_End                            0x080000ec   Data           0  startup-rvds.o(RESET)
    __main                                   0x080000ed   Thumb Code     0  entry.o(.ARM.Collect$$$$00000000)
    _main_stk                                0x080000ed   Thumb Code     0  entry2.o(.ARM.Collect$$$$00000001)
    _main_scatterload                        0x080000f1   Thumb Code     0  entry5.o(.ARM.Collect$$$$00000004)
    __main_after_scatterload                 0x080000f5   Thumb Code     0  entry5.o(.ARM.Collect$$$$00000004)
    _main_clock                              0x080000f5   Thumb Code     0  entry7b.o(.ARM.Collect$$$$00000008)
    _main_cpp_init                           0x080000f5   Thumb Code     0  entry8b.o(.ARM.Collect$$$$0000000A)
    _main_init                               0x080000f5   Thumb Code     0  entry9a.o(.ARM.Collect$$$$0000000B)
    __rt_final_cpp                           0x080000fd   Thumb Code     0  entry10a.o(.ARM.Collect$$$$0000000D)
    __rt_final_exit                          0x080000fd   Thumb Code     0  entry11a.o(.ARM.Collect$$$$0000000F)
    sys_callback                             0x08000101   Thumb Code   130  principal.o(.text)
    main                                     0x08000183   Thumb Code   192  principal.o(.text)
    Reset_Handler                            0x0800026d   Thumb Code    34  startup-rvds.o(.text)
    SystemInit                               0x0800028f   Thumb Code     2  startup-rvds.o(.text)
    NMI_Handler                              0x08000291   Thumb Code     2  startup-rvds.o(.text)
    HardFault_Handler                        0x08000293   Thumb Code     2  startup-rvds.o(.text)
    MemManage_Handler                        0x08000295   Thumb Code     2  startup-rvds.o(.text)
    BusFault_Handler                         0x08000297   Thumb Code     2  startup-rvds.o(.text)
    UsageFault_Handler                       0x08000299   Thumb Code     2  startup-rvds.o(.text)
    SVC_Handler                              0x0800029b   Thumb Code     2  startup-rvds.o(.text)
    DebugMon_Handler                         0x0800029d   Thumb Code     2  startup-rvds.o(.text)
    PendSV_Handler                           0x0800029f   Thumb Code     2  startup-rvds.o(.text)
    ADC1_2_IRQHandler                        0x080002a3   Thumb Code     0  startup-rvds.o(.text)
    CAN1_RX1_IRQHandler                      0x080002a3   Thumb Code     0  startup-rvds.o(.text)
    CAN1_SCE_IRQHandler                      0x080002a3   Thumb Code     0  startup-rvds.o(.text)
    DMA1_Channel1_IRQHandler                 0x080002a3   Thumb Code     0  startup-rvds.o(.text)
    DMA1_Channel2_IRQHandler                 0x080002a3   Thumb Code     0  startup-rvds.o(.text)
    DMA1_Channel3_IRQHandler                 0x080002a3   Thumb Code     0  startup-rvds.o(.text)
    DMA1_Channel4_IRQHandler                 0x080002a3   Thumb Code     0  startup-rvds.o(.text)
    DMA1_Channel5_IRQHandler                 0x080002a3   Thumb Code     0  startup-rvds.o(.text)
    DMA1_Channel6_IRQHandler                 0x080002a3   Thumb Code     0  startup-rvds.o(.text)
    DMA1_Channel7_IRQHandler                 0x080002a3   Thumb Code     0  startup-rvds.o(.text)
    EXTI0_IRQHandler                         0x080002a3   Thumb Code     0  startup-rvds.o(.text)
    EXTI15_10_IRQHandler                     0x080002a3   Thumb Code     0  startup-rvds.o(.text)
    EXTI1_IRQHandler                         0x080002a3   Thumb Code     0  startup-rvds.o(.text)
    EXTI2_IRQHandler                         0x080002a3   Thumb Code     0  startup-rvds.o(.text)
    EXTI3_IRQHandler                         0x080002a3   Thumb Code     0  startup-rvds.o(.text)
    EXTI4_IRQHandler                         0x080002a3   Thumb Code     0  startup-rvds.o(.text)
    EXTI9_5_IRQHandler                       0x080002a3   Thumb Code     0  startup-rvds.o(.text)
    FLASH_IRQHandler                         0x080002a3   Thumb Code     0  startup-rvds.o(.text)
    I2C1_ER_IRQHandler                       0x080002a3   Thumb Code     0  startup-rvds.o(.text)
    I2C1_EV_IRQHandler                       0x080002a3   Thumb Code     0  startup-rvds.o(.text)
    I2C2_ER_IRQHandler                       0x080002a3   Thumb Code     0  startup-rvds.o(.text)
    I2C2_EV_IRQHandler                       0x080002a3   Thumb Code     0  startup-rvds.o(.text)
    PVD_IRQHandler                           0x080002a3   Thumb Code     0  startup-rvds.o(.text)
    RCC_IRQHandler                           0x080002a3   Thumb Code     0  startup-rvds.o(.text)
    RTCAlarm_IRQHandler                      0x080002a3   Thumb Code     0  startup-rvds.o(.text)
    RTC_IRQHandler                           0x080002a3   Thumb Code     0  startup-rvds.o(.text)
    SPI1_IRQHandler                          0x080002a3   Thumb Code     0  startup-rvds.o(.text)
    SPI2_IRQHandler                          0x080002a3   Thumb Code     0  startup-rvds.o(.text)
    TAMPER_IRQHandler                        0x080002a3   Thumb Code     0  startup-rvds.o(.text)
    TIM1_BRK_IRQHandler                      0x080002a3   Thumb Code     0  startup-rvds.o(.text)
    TIM1_TRG_COM_IRQHandler                  0x080002a3   Thumb Code     0  startup-rvds.o(.text)
    USART1_IRQHandler                        0x080002a3   Thumb Code     0  startup-rvds.o(.text)
    USART2_IRQHandler                        0x080002a3   Thumb Code     0  startup-rvds.o(.text)
    USART3_IRQHandler                        0x080002a3   Thumb Code     0  startup-rvds.o(.text)
    USBWakeUp_IRQHandler                     0x080002a3   Thumb Code     0  startup-rvds.o(.text)
    USB_HP_CAN1_TX_IRQHandler                0x080002a3   Thumb Code     0  startup-rvds.o(.text)
    USB_LP_CAN1_RX0_IRQHandler               0x080002a3   Thumb Code     0  startup-rvds.o(.text)
    WWDG_IRQHandler                          0x080002a3   Thumb Code     0  startup-rvds.o(.text)
    Init_TimingADC_ActiveADC                 0x080002b9   Thumb Code   438  adc_dma.o(.text)
    Init_TimingADC_ActiveADC_ff              0x0800046f   Thumb Code   248  adc_dma.o(.text)
    Single_Channel_ADC                       0x08000567   Thumb Code    16  adc_dma.o(.text)
    Init_MultiChan_Regular                   0x08000577   Thumb Code   164  adc_dma.o(.text)
    Init_Conversion_On_Trig_Timer            0x0800061b   Thumb Code   122  adc_dma.o(.text)
    Init_Conversion_On_Trig_Timer_ff         0x08000695   Thumb Code   216  adc_dma.o(.text)
    Init_IT_ADC_EOC                          0x0800076d   Thumb Code    48  adc_dma.o(.text)
    ADC_IRQHandler                           0x0800079d   Thumb Code    64  adc_dma.o(.text)
    Init_IT_End_Of_DMA1                      0x080007dd   Thumb Code    34  adc_dma.o(.text)
    DMAChannel1_IRQHandler                   0x080007ff   Thumb Code    22  adc_dma.o(.text)
    Init_ADC1_DMA1                           0x08000815   Thumb Code    76  adc_dma.o(.text)
    Start_DMA1                               0x08000861   Thumb Code    26  adc_dma.o(.text)
    Wait_On_EOC_ADC                          0x0800087b   Thumb Code    24  adc_dma.o(.text)
    Wait_On_End_Of_DMA1                      0x08000893   Thumb Code    26  adc_dma.o(.text)
    CLOCK_Configure                          0x08000955   Thumb Code   144  clock.o(.text)
    CLOCK_GetTIMCLK                          0x080009e5   Thumb Code    22  clock.o(.text)
    CLOCK_GetHCLK                            0x080009fb   Thumb Code     4  clock.o(.text)
    CLOCK_GetPCLK1                           0x080009ff   Thumb Code     4  clock.o(.text)
    CLOCK_GetPCLK2                           0x08000a03   Thumb Code     4  clock.o(.text)
    CLOCK_GetADCCLK                          0x08000a07   Thumb Code     4  clock.o(.text)
    GPIO_Configure                           0x08000a2d   Thumb Code   358  gpio.o(.text)
    Systick_Prio_IT                          0x08000bad   Thumb Code    14  timer_systick.o(.text)
    Systick_Period                           0x08000bbb   Thumb Code   262  timer_systick.o(.text)
    Systick_Period_ff                        0x08000cc1   Thumb Code    44  timer_systick.o(.text)
    SysTick_Handler                          0x08000ced   Thumb Code    10  timer_systick.o(.text)
    Timer_1234_Init                          0x08000d0d   Thumb Code   322  timer_1234.o(.text)
    Timer_1234_Init_ff                       0x08000e4f   Thumb Code   126  timer_1234.o(.text)
    Active_IT_Debordement_Timer              0x08000ecd   Thumb Code   226  timer_1234.o(.text)
    Active_IT_Compare_Timer                  0x08000faf   Thumb Code   720  timer_1234.o(.text)
    PWM_Init_ff                              0x0800127f   Thumb Code   190  timer_1234.o(.text)
    PWM_Init                                 0x0800133d   Thumb Code   280  timer_1234.o(.text)
    PWM_Complementaire_Timer1                0x08001455   Thumb Code    60  timer_1234.o(.text)
    Timer_Inc_Init                           0x08001491   Thumb Code   180  timer_1234.o(.text)
    Capture_Init                             0x08001545   Thumb Code   692  timer_1234.o(.text)
    TIM1_CC_IRQHandler                       0x080017f9   Thumb Code   410  timer_1234.o(.text)
    TIM1_UP_IRQHandler                       0x08001993   Thumb Code    26  timer_1234.o(.text)
    TIM2_IRQHandler                          0x080019ad   Thumb Code   548  timer_1234.o(.text)
    TIM3_IRQHandler                          0x08001bd1   Thumb Code   432  timer_1234.o(.text)
    TIM4_IRQHandler                          0x08001d81   Thumb Code   552  timer_1234.o(.text)
    Lire_Duree_Pulse                         0x08001fa9   Thumb Code    70  timer_1234.o(.text)
    __aeabi_fmul                             0x08002021   Thumb Code   100  fmul.o(.text)
    __aeabi_fdiv                             0x08002085   Thumb Code   124  fdiv.o(.text)
    __aeabi_dadd                             0x08002101   Thumb Code   322  dadd.o(.text)
    __aeabi_dsub                             0x08002243   Thumb Code     6  dadd.o(.text)
    __aeabi_drsub                            0x08002249   Thumb Code     6  dadd.o(.text)
    __aeabi_dmul                             0x0800224f   Thumb Code   228  dmul.o(.text)
    __aeabi_ddiv                             0x08002333   Thumb Code   222  ddiv.o(.text)
    __aeabi_i2f                              0x08002411   Thumb Code    18  fflti.o(.text)
    __aeabi_ui2f                             0x08002423   Thumb Code    10  ffltui.o(.text)
    __aeabi_ui2d                             0x0800242d   Thumb Code    26  dfltui.o(.text)
    __aeabi_f2iz                             0x08002447   Thumb Code    50  ffixi.o(.text)
    __aeabi_f2uiz                            0x08002479   Thumb Code    40  ffixui.o(.text)
    __aeabi_f2d                              0x080024a1   Thumb Code    38  f2d.o(.text)
    __aeabi_cdcmpeq                          0x080024c9   Thumb Code     0  cdcmple.o(.text)
    __aeabi_cdcmple                          0x080024c9   Thumb Code    48  cdcmple.o(.text)
    __aeabi_cdrcmple                         0x080024f9   Thumb Code    48  cdrcmple.o(.text)
    __aeabi_d2f                              0x08002529   Thumb Code    56  d2f.o(.text)
    __aeabi_llsl                             0x08002561   Thumb Code    30  llshl.o(.text)
    _ll_shift_l                              0x08002561   Thumb Code     0  llshl.o(.text)
    __aeabi_lasr                             0x0800257f   Thumb Code    36  llsshr.o(.text)
    _ll_sshift_r                             0x0800257f   Thumb Code     0  llsshr.o(.text)
    __I$use$fp                               0x080025a3   Thumb Code     0  iusefp.o(.text)
    _float_round                             0x080025a3   Thumb Code    18  fepilogue.o(.text)
    _float_epilogue                          0x080025b5   Thumb Code    92  fepilogue.o(.text)
    _double_round                            0x08002611   Thumb Code    30  depilogue.o(.text)
    _double_epilogue                         0x0800262f   Thumb Code   156  depilogue.o(.text)
    __scatterload                            0x080026cd   Thumb Code    28  init.o(.text)
    __scatterload_rt2                        0x080026cd   Thumb Code     0  init.o(.text)
    __aeabi_llsr                             0x080026f1   Thumb Code    32  llushr.o(.text)
    _ll_ushift_r                             0x080026f1   Thumb Code     0  llushr.o(.text)
    __scatterload_copy                       0x08002711   Thumb Code    14  handlers.o(i.__scatterload_copy)
    __scatterload_null                       0x0800271f   Thumb Code     2  handlers.o(i.__scatterload_null)
    __scatterload_zeroinit                   0x08002721   Thumb Code    14  handlers.o(i.__scatterload_zeroinit)
    M2                                       0x08002731   Thumb Code    40  m2.o(moncode)
    Somme                                    0x08002761   Thumb Code    52  somme.o(moncode)
    Region$$Table$$Base                      0x08002794   Number         0  anon$$obj.o(Region$$Table)
    Region$$Table$$Limit                     0x080027b4   Number         0  anon$$obj.o(Region$$Table)
    TabCos                                   0x080027b4   Data           0  trigo.o(Trigo)
    TabSin                                   0x08002834   Data           0  trigo.o(Trigo)
    M2TIR                                    0x20000000   Data           4  principal.o(.data)
    valk                                     0x20000004   Data          24  principal.o(.data)
    SYSTICK_PER                              0x2000001c   Data           4  principal.o(.data)
    Enable_Fct_IT_Compare_Match_TIM1_Voie1   0x20000040   Data           1  timer_1234.o(.data)
    Enable_Fct_IT_Compare_Match_TIM1_Voie2   0x20000041   Data           1  timer_1234.o(.data)
    Enable_Fct_IT_Compare_Match_TIM1_Voie3   0x20000042   Data           1  timer_1234.o(.data)
    Enable_Fct_IT_Compare_Match_TIM1_Voie4   0x20000043   Data           1  timer_1234.o(.data)
    Enable_Fct_IT_Compare_Match_TIM2_Voie1   0x20000044   Data           1  timer_1234.o(.data)
    Enable_Fct_IT_Compare_Match_TIM2_Voie2   0x20000045   Data           1  timer_1234.o(.data)
    Enable_Fct_IT_Compare_Match_TIM2_Voie3   0x20000046   Data           1  timer_1234.o(.data)
    Enable_Fct_IT_Compare_Match_TIM2_Voie4   0x20000047   Data           1  timer_1234.o(.data)
    Enable_Fct_IT_Compare_Match_TIM3_Voie1   0x20000048   Data           1  timer_1234.o(.data)
    Enable_Fct_IT_Compare_Match_TIM3_Voie2   0x20000049   Data           1  timer_1234.o(.data)
    Enable_Fct_IT_Compare_Match_TIM3_Voie3   0x2000004a   Data           1  timer_1234.o(.data)
    Enable_Fct_IT_Compare_Match_TIM3_Voie4   0x2000004b   Data           1  timer_1234.o(.data)
    Enable_Fct_IT_Compare_Match_TIM4_Voie1   0x2000004c   Data           1  timer_1234.o(.data)
    Enable_Fct_IT_Compare_Match_TIM4_Voie2   0x2000004d   Data           1  timer_1234.o(.data)
    Enable_Fct_IT_Compare_Match_TIM4_Voie3   0x2000004e   Data           1  timer_1234.o(.data)
    Enable_Fct_IT_Compare_Match_TIM4_Voie4   0x2000004f   Data           1  timer_1234.o(.data)
    dma_buf                                  0x200000d0   Data         128  principal.o(.bss)
    compt                                    0x20000150   Data          24  principal.o(.bss)
    res                                      0x20000168   Data         256  principal.o(.bss)
    __initial_sp                             0x20000668   Data           0  startup-rvds.o(STACK)



==============================================================================

Memory Map of the image

  Image Entry point : 0x0800026d

  Load Region LR_1 (Base: 0x08000000, Size: 0x00002984, Max: 0xffffffff, ABSOLUTE)

    Execution Region ER_RO (Base: 0x08000000, Size: 0x000028b4, Max: 0xffffffff, ABSOLUTE)

    Base Addr    Size         Type   Attr      Idx    E Section Name        Object

    0x08000000   0x000000ec   Data   RO           71    RESET               startup-rvds.o
    0x080000ec   0x00000000   Code   RO           89  * .ARM.Collect$$$$00000000  mc_w.l(entry.o)
    0x080000ec   0x00000004   Code   RO          120    .ARM.Collect$$$$00000001  mc_w.l(entry2.o)
    0x080000f0   0x00000004   Code   RO          123    .ARM.Collect$$$$00000004  mc_w.l(entry5.o)
    0x080000f4   0x00000000   Code   RO          125    .ARM.Collect$$$$00000008  mc_w.l(entry7b.o)
    0x080000f4   0x00000000   Code   RO          127    .ARM.Collect$$$$0000000A  mc_w.l(entry8b.o)
    0x080000f4   0x00000008   Code   RO          128    .ARM.Collect$$$$0000000B  mc_w.l(entry9a.o)
    0x080000fc   0x00000000   Code   RO          130    .ARM.Collect$$$$0000000D  mc_w.l(entry10a.o)
    0x080000fc   0x00000000   Code   RO          132    .ARM.Collect$$$$0000000F  mc_w.l(entry11a.o)
    0x080000fc   0x00000004   Code   RO          121    .ARM.Collect$$$$00002712  mc_w.l(entry2.o)
    0x08000100   0x0000016c   Code   RO            3    .text               principal.o
    0x0800026c   0x0000004c   Code   RO           72  * .text               startup-rvds.o
    0x080002b8   0x00000624   Code   RO           76    .text               gassp72.lib(adc_dma.o)
    0x080008dc   0x00000150   Code   RO           79    .text               gassp72.lib(clock.o)
    0x08000a2c   0x00000180   Code   RO           81    .text               gassp72.lib(gpio.o)
    0x08000bac   0x00000160   Code   RO           83    .text               gassp72.lib(timer_systick.o)
    0x08000d0c   0x00001314   Code   RO           86    .text               gassp72.lib(timer_1234.o)
    0x08002020   0x00000064   Code   RO           92    .text               mf_w.l(fmul.o)
    0x08002084   0x0000007c   Code   RO           94    .text               mf_w.l(fdiv.o)
    0x08002100   0x0000014e   Code   RO           96    .text               mf_w.l(dadd.o)
    0x0800224e   0x000000e4   Code   RO           98    .text               mf_w.l(dmul.o)
    0x08002332   0x000000de   Code   RO          100    .text               mf_w.l(ddiv.o)
    0x08002410   0x00000012   Code   RO          102    .text               mf_w.l(fflti.o)
    0x08002422   0x0000000a   Code   RO          104    .text               mf_w.l(ffltui.o)
    0x0800242c   0x0000001a   Code   RO          106    .text               mf_w.l(dfltui.o)
    0x08002446   0x00000032   Code   RO          108    .text               mf_w.l(ffixi.o)
    0x08002478   0x00000028   Code   RO          110    .text               mf_w.l(ffixui.o)
    0x080024a0   0x00000026   Code   RO          112    .text               mf_w.l(f2d.o)
    0x080024c6   0x00000002   PAD
    0x080024c8   0x00000030   Code   RO          114    .text               mf_w.l(cdcmple.o)
    0x080024f8   0x00000030   Code   RO          116    .text               mf_w.l(cdrcmple.o)
    0x08002528   0x00000038   Code   RO          118    .text               mf_w.l(d2f.o)
    0x08002560   0x0000001e   Code   RO          134    .text               mc_w.l(llshl.o)
    0x0800257e   0x00000024   Code   RO          136    .text               mc_w.l(llsshr.o)
    0x080025a2   0x00000000   Code   RO          138    .text               mc_w.l(iusefp.o)
    0x080025a2   0x0000006e   Code   RO          139    .text               mf_w.l(fepilogue.o)
    0x08002610   0x000000ba   Code   RO          141    .text               mf_w.l(depilogue.o)
    0x080026ca   0x00000002   PAD
    0x080026cc   0x00000024   Code   RO          143    .text               mc_w.l(init.o)
    0x080026f0   0x00000020   Code   RO          145    .text               mc_w.l(llushr.o)
    0x08002710   0x0000000e   Code   RO          149    i.__scatterload_copy  mc_w.l(handlers.o)
    0x0800271e   0x00000002   Code   RO          150    i.__scatterload_null  mc_w.l(handlers.o)
    0x08002720   0x0000000e   Code   RO          151    i.__scatterload_zeroinit  mc_w.l(handlers.o)
    0x0800272e   0x00000002   PAD
    0x08002730   0x00000030   Code   RO           60    moncode             m2.o
    0x08002760   0x00000034   Code   RO           65    moncode             somme.o
    0x08002794   0x00000020   Data   RO          147    Region$$Table       anon$$obj.o
    0x080027b4   0x00000100   Data   RO           57    Trigo               trigo.o


    Execution Region ER_RW (Base: 0x20000000, Size: 0x000000d0, Max: 0xffffffff, ABSOLUTE)

    Base Addr    Size         Type   Attr      Idx    E Section Name        Object

    0x20000000   0x00000020   Data   RW            5    .data               principal.o
    0x20000020   0x0000000c   Data   RW           77    .data               gassp72.lib(adc_dma.o)
    0x2000002c   0x00000004   Data   RW           84    .data               gassp72.lib(timer_systick.o)
    0x20000030   0x000000a0   Data   RW           87    .data               gassp72.lib(timer_1234.o)


    Execution Region ER_ZI (Base: 0x200000d0, Size: 0x00000598, Max: 0xffffffff, ABSOLUTE)

    Base Addr    Size         Type   Attr      Idx    E Section Name        Object

    0x200000d0   0x00000198   Zero   RW            4    .bss                principal.o
    0x20000268   0x00000400   Zero   RW           69    STACK               startup-rvds.o


==============================================================================

Image component sizes


      Code (inc. data)   RO Data    RW Data    ZI Data      Debug   Object Name

        48          8          0          0          0        316   m2.o
       364         42          0         32        408       3086   principal.o
        52          0          0          0          0        328   somme.o
        76         20        236          0       1024        812   startup-rvds.o
         0          0        256          0          0          0   trigo.o

    ----------------------------------------------------------------------
       540         70        524         32       1432       4542   Object Totals
         0          0         32          0          0          0   (incl. Generated)
         0          0          0          0          0          0   (incl. Padding)

    ----------------------------------------------------------------------

      Code (inc. data)   RO Data    RW Data    ZI Data      Debug   Library Member Name

      1572        140          0         12          0        512   adc_dma.o
       336         34          0          0          0        276   clock.o
       384         26          0          0          0         84   gpio.o
      4884        490          0        160          0        484   timer_1234.o
       352         22          0          4          0        200   timer_systick.o
         0          0          0          0          0          0   entry.o
         0          0          0          0          0          0   entry10a.o
         0          0          0          0          0          0   entry11a.o
         8          4          0          0          0          0   entry2.o
         4          0          0          0          0          0   entry5.o
         0          0          0          0          0          0   entry7b.o
         0          0          0          0          0          0   entry8b.o
         8          4          0          0          0          0   entry9a.o
        30          0          0          0          0          0   handlers.o
        36          8          0          0          0         68   init.o
         0          0          0          0          0          0   iusefp.o
        30          0          0          0          0         68   llshl.o
        36          0          0          0          0         68   llsshr.o
        32          0          0          0          0         68   llushr.o
        48          0          0          0          0         68   cdcmple.o
        48          0          0          0          0         68   cdrcmple.o
        56          0          0          0          0         88   d2f.o
       334          0          0          0          0        148   dadd.o
       222          0          0          0          0        100   ddiv.o
       186          0          0          0          0        176   depilogue.o
        26          0          0          0          0         76   dfltui.o
       228          0          0          0          0         96   dmul.o
        38          0          0          0          0         68   f2d.o
       124          0          0          0          0         88   fdiv.o
       110          0          0          0          0        168   fepilogue.o
        50          0          0          0          0         68   ffixi.o
        40          0          0          0          0         68   ffixui.o
        18          0          0          0          0         68   fflti.o
        10          0          0          0          0         68   ffltui.o
       100          0          0          0          0         76   fmul.o

    ----------------------------------------------------------------------
      9356        728          0        176          0       3320   Library Totals
         6          0          0          0          0          0   (incl. Padding)

    ----------------------------------------------------------------------

      Code (inc. data)   RO Data    RW Data    ZI Data      Debug   Library Name

      7528        712          0        176          0       1556   gassp72.lib
       184         16          0          0          0        272   mc_w.l
      1638          0          0          0          0       1492   mf_w.l

    ----------------------------------------------------------------------
      9356        728          0        176          0       3320   Library Totals

    ----------------------------------------------------------------------

==============================================================================


      Code (inc. data)   RO Data    RW Data    ZI Data      Debug   

      9896        798        524        208       1432       6610   Grand Totals
      9896        798        524        208       1432       6610   ELF Image Totals
      9896        798        524        208          0          0   ROM Totals

==============================================================================

    Total RO  Size (Code + RO Data)                10420 (  10.18kB)
    Total RW  Size (RW Data + ZI Data)              1640 (   1.60kB)
    Total ROM Size (Code + RO Data + RW Data)      10628 (  10.38kB)

==============================================================================

