[srv-gei.insa-toulouse.fr/PubliToolGEI/Enseignements/SFO/MIC-3/Documents/gitSFOMIC3/APPSFOPROF/index.html]
[backblue.gif]
[fade.gif]
[index.html]
[srv-gei.insa-toulouse.fr/PubliToolGEI/BASE/JS/Article.js]
[srv-gei.insa-toulouse.fr/PubliToolGEI/Enseignements/SFO/MIC-3/Documents/gitSFOMIC3/APPSFOPROF/pucePRpetite9f8e.png]
[srv-gei.insa-toulouse.fr/PubliToolGEI/Enseignements/SFO/MIC-3/Documents/gitSFOMIC3/APPSFOPROF/etape0/index.html]
[srv-gei.insa-toulouse.fr/PubliToolGEI/Enseignements/SFO/MIC-3/Documents/gitSFOMIC3/APPSFOPROF/etape1/index.html]
[srv-gei.insa-toulouse.fr/PubliToolGEI/Enseignements/SFO/MIC-3/Documents/gitSFOMIC3/APPSFOPROF/etape2/index.html]
[srv-gei.insa-toulouse.fr/PubliToolGEI/Enseignements/SFO/MIC-3/Documents/gitSFOMIC3/APPSFOPROF/etape3/index.html]
[srv-gei.insa-toulouse.fr/PubliToolGEI/Enseignements/SFO/MIC-3/Documents/gitSFOMIC3/APPSFOPROF/etape4/index.html]
[srv-gei.insa-toulouse.fr/PubliToolGEI/Enseignements/SFO/MIC-3/Documents/gitSFOMIC3/APPSFOPROF/index.html]
[srv-gei.insa-toulouse.fr/PubliToolGEI/BASE/CSS/Article.css]
[srv-gei.insa-toulouse.fr/PubliToolGEI/Enseignements/SFO/MIC-3/Documents/gitSFOMIC3/APPSFOPROF/aide/index.html]
[srv-gei.insa-toulouse.fr/PubliToolGEI/BASE/JS/Mozile08/mozile.js]
[srv-gei.insa-toulouse.fr/PubliToolGEI/BASE/JS/formulaire.js]
[srv-gei.insa-toulouse.fr/PubliToolGEI/BASE/JS/mozilePubliTool.js]
[srv-gei.insa-toulouse.fr/PubliToolGEI/Enseignements/SFO/MIC-3/Documents/gitSFOMIC3/APPSFOPROF/pucePRpetiteee0c.png]
[srv-gei.insa-toulouse.fr/PubliToolGEI/Enseignements/SFO/MIC-3/Documents/gitSFOMIC3/APPSFOPROF/etape0/index.html]
[srv-gei.insa-toulouse.fr/PubliToolGEI/Enseignements/SFO/MIC-3/Documents/gitSFOMIC3/APPSFOPROF/etape1/index7081.html]
[srv-gei.insa-toulouse.fr/PubliToolGEI/Enseignements/SFO/MIC-3/Documents/gitSFOMIC3/APPSFOPROF/etape1/index27d2.html]
[srv-gei.insa-toulouse.fr/PubliToolGEI/Enseignements/SFO/MIC-3/Documents/gitSFOMIC3/APPSFOPROF/etape1/index7baf.html]
[srv-gei.insa-toulouse.fr/PubliToolGEI/Enseignements/SFO/MIC-3/Documents/gitSFOMIC3/APPSFOPROF/etape1/index7dc5.html]
[srv-gei.insa-toulouse.fr/PubliToolGEI/Enseignements/SFO/MIC-3/Documents/gitSFOMIC3/APPSFOPROF/etape1/indexf185.html]
[srv-gei.insa-toulouse.fr/PubliToolGEI/Enseignements/SFO/MIC-3/Documents/gitSFOMIC3/APPSFOPROF/etape1/index5cd8.html]
[srv-gei.insa-toulouse.fr/PubliToolGEI/Enseignements/SFO/MIC-3/Documents/gitSFOMIC3/APPSFOPROF/etape1/index9d66.html]
[srv-gei.insa-toulouse.fr/PubliToolGEI/Enseignements/SFO/MIC-3/Documents/gitSFOMIC3/APPSFOPROF/etape1/index.html]
[srv-gei.insa-toulouse.fr/PubliToolGEI/Enseignements/SFO/MIC-3/Documents/gitSFOMIC3/APPSFOPROF/etape1/index674d.html]
[srv-gei.insa-toulouse.fr/PubliToolGEI/Enseignements/SFO/MIC-3/Documents/gitSFOMIC3/APPSFOPROF/etape2/index0246.html]
[srv-gei.insa-toulouse.fr/PubliToolGEI/Enseignements/SFO/MIC-3/Documents/gitSFOMIC3/APPSFOPROF/etape2/index753d.html]
[srv-gei.insa-toulouse.fr/PubliToolGEI/Enseignements/SFO/MIC-3/Documents/gitSFOMIC3/APPSFOPROF/etape2/index.html]
[srv-gei.insa-toulouse.fr/PubliToolGEI/Enseignements/SFO/MIC-3/Documents/gitSFOMIC3/APPSFOPROF/etape2/indexc0c1.html]
[srv-gei.insa-toulouse.fr/PubliToolGEI/Enseignements/SFO/MIC-3/Documents/gitSFOMIC3/APPSFOPROF/etape3/indexf3f7.html]
[srv-gei.insa-toulouse.fr/PubliToolGEI/Enseignements/SFO/MIC-3/Documents/gitSFOMIC3/APPSFOPROF/etape3/index9f76.html]
[srv-gei.insa-toulouse.fr/PubliToolGEI/Enseignements/SFO/MIC-3/Documents/gitSFOMIC3/APPSFOPROF/etape3/index7bc4.html]
[srv-gei.insa-toulouse.fr/PubliToolGEI/Enseignements/SFO/MIC-3/Documents/gitSFOMIC3/APPSFOPROF/etape3/indexf96a.html]
[srv-gei.insa-toulouse.fr/PubliToolGEI/Enseignements/SFO/MIC-3/Documents/gitSFOMIC3/APPSFOPROF/etape3/index829c.html]
[srv-gei.insa-toulouse.fr/PubliToolGEI/Enseignements/SFO/MIC-3/Documents/gitSFOMIC3/APPSFOPROF/etape3/indexb267.html]
[srv-gei.insa-toulouse.fr/PubliToolGEI/Enseignements/SFO/MIC-3/Documents/gitSFOMIC3/APPSFOPROF/etape3/index4fd8.html]
[srv-gei.insa-toulouse.fr/PubliToolGEI/Enseignements/SFO/MIC-3/Documents/gitSFOMIC3/APPSFOPROF/etape3/indexbf4a.html]
[srv-gei.insa-toulouse.fr/PubliToolGEI/Enseignements/SFO/MIC-3/Documents/gitSFOMIC3/APPSFOPROF/etape3/index.html]
[srv-gei.insa-toulouse.fr/PubliToolGEI/Enseignements/SFO/MIC-3/Documents/gitSFOMIC3/APPSFOPROF/etape3/index9a12.html]
[srv-gei.insa-toulouse.fr/PubliToolGEI/Enseignements/SFO/MIC-3/Documents/gitSFOMIC3/APPSFOPROF/etape4/indexf3f7.html]
[srv-gei.insa-toulouse.fr/PubliToolGEI/Enseignements/SFO/MIC-3/Documents/gitSFOMIC3/APPSFOPROF/etape4/index724d.html]
[srv-gei.insa-toulouse.fr/PubliToolGEI/Enseignements/SFO/MIC-3/Documents/gitSFOMIC3/APPSFOPROF/etape4/indexa113.html]
[srv-gei.insa-toulouse.fr/PubliToolGEI/Enseignements/SFO/MIC-3/Documents/gitSFOMIC3/APPSFOPROF/etape4/indexe40d.html]
[srv-gei.insa-toulouse.fr/PubliToolGEI/Enseignements/SFO/MIC-3/Documents/gitSFOMIC3/APPSFOPROF/etape4/indexe6c1.html]
[srv-gei.insa-toulouse.fr/PubliToolGEI/Enseignements/SFO/MIC-3/Documents/gitSFOMIC3/APPSFOPROF/etape4/indexaa2e.html]
[srv-gei.insa-toulouse.fr/PubliToolGEI/Enseignements/SFO/MIC-3/Documents/gitSFOMIC3/APPSFOPROF/etape4/indexe73b.html]
[srv-gei.insa-toulouse.fr/PubliToolGEI/Enseignements/SFO/MIC-3/Documents/gitSFOMIC3/APPSFOPROF/etape4/index.html]
[srv-gei.insa-toulouse.fr/PubliToolGEI/Enseignements/SFO/MIC-3/Documents/gitSFOMIC3/APPSFOPROF/etape4/index026c.html]
[srv-gei.insa-toulouse.fr/PubliToolGEI/Enseignements/SFO/MIC-3/Documents/gitSFOMIC3/APPSFOPROF/aide/index.html]
[srv-gei.insa-toulouse.fr/PubliToolGEI/Enseignements/SFO/MIC-3/Documents/gitSFOMIC3/APPSFOPROF/aide/index8ba1.html]
[srv-gei.insa-toulouse.fr/PubliToolGEI/Enseignements/SFO/MIC-3/Documents/gitSFOMIC3/APPSFOPROF/etape1/index7081.html]
[srv-gei.insa-toulouse.fr/PubliToolGEI/Enseignements/SFO/MIC-3/Documents/gitSFOMIC3/APPSFOPROF/etape1/index27d2.html]
[srv-gei.insa-toulouse.fr/PubliToolGEI/Enseignements/SFO/MIC-3/Documents/gitSFOMIC3/APPSFOPROF/etape1/index7baf.html]
[srv-gei.insa-toulouse.fr/PubliToolGEI/Enseignements/SFO/MIC-3/Documents/gitSFOMIC3/APPSFOPROF/etape1/doc/Exercice3.html]
[srv-gei.insa-toulouse.fr/PubliToolGEI/Enseignements/SFO/MIC-3/Documents/gitSFOMIC3/APPSFOPROF/etape1/index7dc5.html]
[srv-gei.insa-toulouse.fr/PubliToolGEI/Enseignements/SFO/MIC-3/Documents/gitSFOMIC3/APPSFOPROF/etape1/doc/Exercice4.html]
[srv-gei.insa-toulouse.fr/PubliToolGEI/Enseignements/SFO/MIC-3/Documents/gitSFOMIC3/APPSFOPROF/etape1/indexf185.html]
[srv-gei.insa-toulouse.fr/PubliToolGEI/Enseignements/SFO/MIC-3/Documents/gitSFOMIC3/APPSFOPROF/etape1/doc/Exercice5.html]
[srv-gei.insa-toulouse.fr/PubliToolGEI/Enseignements/SFO/MIC-3/Documents/gitSFOMIC3/APPSFOPROF/tutoriel_assembleur/index.html]
[srv-gei.insa-toulouse.fr/PubliToolGEI/Enseignements/SFO/MIC-3/Documents/gitSFOMIC3/APPSFOPROF/etape1/doc/Exercice1.html]
[srv-gei.insa-toulouse.fr/PubliToolGEI/Enseignements/SFO/MIC-3/Documents/gitSFOMIC3/APPSFOPROF/etape1/doc/Exercice2.html]
[srv-gei.insa-toulouse.fr/PubliToolGEI/Enseignements/SFO/MIC-3/Documents/gitSFOMIC3/APPSFOPROF/etape1/index5cd8.html]
[srv-gei.insa-toulouse.fr/PubliToolGEI/Enseignements/SFO/MIC-3/Documents/gitSFOMIC3/APPSFOPROF/etape1/doc/Exercice6.html]
[srv-gei.insa-toulouse.fr/PubliToolGEI/Enseignements/SFO/MIC-3/Documents/gitSFOMIC3/APPSFOPROF/etape1/doc/CarteNexys3AvecCommentaires.png]
[srv-gei.insa-toulouse.fr/PubliToolGEI/Enseignements/SFO/MIC-3/Documents/gitSFOMIC3/APPSFOPROF/etape1/doc/CarteNexys3AvecCommentaires1a26.png]
[srv-gei.insa-toulouse.fr/PubliToolGEI/Enseignements/SFO/MIC-3/Documents/gitSFOMIC3/APPSFOPROF/etape1/index9d66.html]
[srv-gei.insa-toulouse.fr/PubliToolGEI/Enseignements/SFO/MIC-3/Documents/gitSFOMIC3/APPSFOPROF/etape1/index674d.html]
[srv-gei.insa-toulouse.fr/PubliToolGEI/Enseignements/SFO/MIC-3/Documents/gitSFOMIC3/APPSFOPROF/etape2/index0246.html]
[srv-gei.insa-toulouse.fr/PubliToolGEI/Enseignements/SFO/MIC-3/Documents/gitSFOMIC3/APPSFOPROF/etape2/index753d.html]
[srv-gei.insa-toulouse.fr/PubliToolGEI/Enseignements/SFO/MIC-3/Documents/gitSFOMIC3/APPSFOPROF/etape2/indexc0c1.html]
[srv-gei.insa-toulouse.fr/PubliToolGEI/Enseignements/SFO/MIC-3/Documents/gitSFOMIC3/APPSFOPROF/etape3/indexf3f7.html]
[srv-gei.insa-toulouse.fr/PubliToolGEI/Enseignements/SFO/MIC-3/Documents/gitSFOMIC3/APPSFOPROF/etape3/index9f76.html]
[srv-gei.insa-toulouse.fr/PubliToolGEI/Enseignements/SFO/MIC-3/Documents/gitSFOMIC3/APPSFOPROF/etape3/index7bc4.html]
[srv-gei.insa-toulouse.fr/PubliToolGEI/Enseignements/SFO/MIC-3/Documents/gitSFOMIC3/APPSFOPROF/etape3/indexf96a.html]
[srv-gei.insa-toulouse.fr/PubliToolGEI/Enseignements/SFO/MIC-3/Documents/gitSFOMIC3/APPSFOPROF/etape3/index829c.html]
[srv-gei.insa-toulouse.fr/PubliToolGEI/Enseignements/SFO/MIC-3/Documents/gitSFOMIC3/APPSFOPROF/etape3/indexb267.html]
[srv-gei.insa-toulouse.fr/PubliToolGEI/Enseignements/SFO/MIC-3/Documents/gitSFOMIC3/APPSFOPROF/etape3/index4fd8.html]
[srv-gei.insa-toulouse.fr/PubliToolGEI/Enseignements/SFO/MIC-3/Documents/gitSFOMIC3/APPSFOPROF/etape3/indexbf4a.html]
[srv-gei.insa-toulouse.fr/PubliToolGEI/Enseignements/SFO/MIC-3/Documents/gitSFOMIC3/APPSFOPROF/etape3/index9a12.html]
[srv-gei.insa-toulouse.fr/PubliToolGEI/Enseignements/SFO/MIC-3/Documents/gitSFOMIC3/APPSFOPROF/etape4/indexf3f7.html]
[srv-gei.insa-toulouse.fr/PubliToolGEI/Enseignements/SFO/MIC-3/Documents/gitSFOMIC3/APPSFOPROF/etape3/LedSwitchGPIO38cf.jpg]
[srv-gei.insa-toulouse.fr/PubliToolGEI/Enseignements/SFO/MIC-3/Documents/gitSFOMIC3/APPSFOPROF/etape4/128mb_burst_cr1_5_p26z.pdf]
[srv-gei.insa-toulouse.fr/PubliToolGEI/Enseignements/SFO/MIC-3/Documents/gitSFOMIC3/APPSFOPROF/etape4/index724d.html]
[srv-gei.insa-toulouse.fr/PubliToolGEI/Enseignements/SFO/MIC-3/Documents/gitSFOMIC3/APPSFOPROF/etape4/indexa113.html]
[srv-gei.insa-toulouse.fr/PubliToolGEI/Enseignements/SFO/MIC-3/Documents/gitSFOMIC3/APPSFOPROF/etape4/indexe40d.html]
[srv-gei.insa-toulouse.fr/PubliToolGEI/Enseignements/SFO/MIC-3/Documents/gitSFOMIC3/APPSFOPROF/etape4/indexe6c1.html]
[srv-gei.insa-toulouse.fr/PubliToolGEI/Enseignements/SFO/MIC-3/Documents/gitSFOMIC3/APPSFOPROF/etape4/indexaa2e.html]
[srv-gei.insa-toulouse.fr/PubliToolGEI/Enseignements/SFO/MIC-3/Documents/gitSFOMIC3/APPSFOPROF/etape4/indexe73b.html]
[srv-gei.insa-toulouse.fr/PubliToolGEI/Enseignements/SFO/MIC-3/Documents/gitSFOMIC3/APPSFOPROF/etape4/index026c.html]
[srv-gei.insa-toulouse.fr/PubliToolGEI/Enseignements/SFO/MIC-3/Documents/gitSFOMIC3/APPSFOPROF/aide/index8ba1.html]
[srv-gei.insa-toulouse.fr/PubliToolGEI/Enseignements/SFO/MIC-3/Documents/gitSFOMIC3/APPSFOPROF/etape1/coeur4b26.svg]
[srv-gei.insa-toulouse.fr/PubliToolGEI/Enseignements/SFO/MIC-3/Documents/gitSFOMIC3/APPSFOPROF/etape1/doc/ProcesseurComplet2015_tst_coeurAWTc449.svg]
[srv-gei.insa-toulouse.fr/PubliToolGEI/Enseignements/SFO/MIC-3/Documents/gitSFOMIC3/APPSFOPROF/etape1/doc/dessin-graphe-init358b.svg]
[srv-gei.insa-toulouse.fr/PubliToolGEI/Enseignements/SFO/MIC-3/Documents/gitSFOMIC3/APPSFOPROF/etape1/indexf803.svg]
[srv-gei.insa-toulouse.fr/PubliToolGEI/Enseignements/SFO/MIC-3/Documents/gitSFOMIC3/APPSFOPROF/etape1/index8cc8.svg]
[srv-gei.insa-toulouse.fr/PubliToolGEI/Enseignements/SFO/MIC-3/Documents/gitSFOMIC3/APPSFOPROF/etape1/doc/ImageCoeur.png]
[srv-gei.insa-toulouse.fr/PubliToolGEI/Enseignements/SFO/MIC-3/Documents/gitSFOMIC3/APPSFOPROF/etape1/doc/Exercice3.html]
[srv-gei.insa-toulouse.fr/PubliToolGEI/Enseignements/SFO/MIC-3/Documents/gitSFOMIC3/APPSFOPROF/etape1/doc/Exercice4.html]
[srv-gei.insa-toulouse.fr/PubliToolGEI/Enseignements/SFO/MIC-3/Documents/gitSFOMIC3/APPSFOPROF/etape1/doc/graphe-boucle-von-neumann23f0.svg]
[srv-gei.insa-toulouse.fr/PubliToolGEI/Enseignements/SFO/MIC-3/Documents/gitSFOMIC3/APPSFOPROF/etape1/doc/MovRaRbd627.svg]
[srv-gei.insa-toulouse.fr/PubliToolGEI/Enseignements/SFO/MIC-3/Documents/gitSFOMIC3/APPSFOPROF/etape1/doc/Exercice5.html]
[srv-gei.insa-toulouse.fr/PubliToolGEI/Enseignements/SFO/MIC-3/Documents/gitSFOMIC3/APPSFOPROF/etape1/doc/graphe-boucle-decode23f0.svg]
[srv-gei.insa-toulouse.fr/PubliToolGEI/Enseignements/SFO/MIC-3/Documents/gitSFOMIC3/APPSFOPROF/etape1/doc/Transcodaged627.svg]
[srv-gei.insa-toulouse.fr/PubliToolGEI/Enseignements/SFO/MIC-3/Documents/gitSFOMIC3/APPSFOPROF/etape1/doc/FormatInstruction1.svg]
[srv-gei.insa-toulouse.fr/PubliToolGEI/Enseignements/SFO/MIC-3/Documents/gitSFOMIC3/APPSFOPROF/etape1/doc/FormatInstruction2.svg]
[srv-gei.insa-toulouse.fr/PubliToolGEI/Enseignements/SFO/MIC-3/Documents/gitSFOMIC3/APPSFOPROF/etape1/doc/FormatInstruction3.svg]
[srv-gei.insa-toulouse.fr/PubliToolGEI/Enseignements/SFO/MIC-3/Documents/gitSFOMIC3/APPSFOPROF/etape1/doc/EchangeMotOctet23f0.svg]
[srv-gei.insa-toulouse.fr/PubliToolGEI/Enseignements/SFO/MIC-3/Documents/gitSFOMIC3/APPSFOPROF/tutoriel_assembleur/indexd3c0.html]
[srv-gei.insa-toulouse.fr/PubliToolGEI/Enseignements/SFO/MIC-3/Documents/gitSFOMIC3/APPSFOPROF/tutoriel_assembleur/indexcc65.html]
[srv-gei.insa-toulouse.fr/PubliToolGEI/Enseignements/SFO/MIC-3/Documents/gitSFOMIC3/APPSFOPROF/tutoriel_assembleur/index.html]
[srv-gei.insa-toulouse.fr/PubliToolGEI/Enseignements/SFO/MIC-3/Documents/gitSFOMIC3/APPSFOPROF/etape1/prog3.html]
[srv-gei.insa-toulouse.fr/PubliToolGEI/Enseignements/SFO/MIC-3/Documents/gitSFOMIC3/APPSFOPROF/etape1/prog4.html]
[srv-gei.insa-toulouse.fr/PubliToolGEI/Enseignements/SFO/MIC-3/Documents/gitSFOMIC3/APPSFOPROF/etape1/doc/Exercice1.html]
[srv-gei.insa-toulouse.fr/PubliToolGEI/Enseignements/SFO/MIC-3/Documents/gitSFOMIC3/APPSFOPROF/etape1/doc/Exercice2.html]
[srv-gei.insa-toulouse.fr/PubliToolGEI/Enseignements/SFO/MIC-3/Documents/gitSFOMIC3/APPSFOPROF/etape1/doc/Exercice6.html]
[srv-gei.insa-toulouse.fr/PubliToolGEI/Enseignements/SFO/MIC-3/Documents/gitSFOMIC3/APPSFOPROF/etape1/doc/PlanMemoireNexys3IO9f8e.svg]
[srv-gei.insa-toulouse.fr/PubliToolGEI/Enseignements/SFO/MIC-3/Documents/gitSFOMIC3/APPSFOPROF/etape1/doc/Digit7Segmentsc581.svg]
[srv-gei.insa-toulouse.fr/PubliToolGEI/Enseignements/SFO/MIC-3/Documents/gitSFOMIC3/APPSFOPROF/etape1/doc/CarteAudio358b.svg]
[srv-gei.insa-toulouse.fr/PubliToolGEI/Enseignements/SFO/MIC-3/Documents/gitSFOMIC3/APPSFOPROF/etape1/doc/PlanMemoireAudio358b.svg]
[srv-gei.insa-toulouse.fr/PubliToolGEI/Enseignements/SFO/MIC-3/Documents/gitSFOMIC3/APPSFOPROF/etape2/cascadeITD23f0.svg]
[srv-gei.insa-toulouse.fr/PubliToolGEI/Enseignements/SFO/MIC-3/Documents/gitSFOMIC3/APPSFOPROF/etape2/PlanMemoireNVICa23f0.svg]
[srv-gei.insa-toulouse.fr/PubliToolGEI/Enseignements/SFO/MIC-3/Documents/gitSFOMIC3/APPSFOPROF/etape2/Exemple1.html]
[srv-gei.insa-toulouse.fr/PubliToolGEI/Enseignements/SFO/MIC-3/Documents/gitSFOMIC3/APPSFOPROF/etape3/symboleFDCE.svg]
[srv-gei.insa-toulouse.fr/PubliToolGEI/Enseignements/SFO/MIC-3/Documents/gitSFOMIC3/APPSFOPROF/etape3/chronoFDCE.svg]
[srv-gei.insa-toulouse.fr/PubliToolGEI/Enseignements/SFO/MIC-3/Documents/gitSFOMIC3/APPSFOPROF/etape3/symboleOBUFT.svg]
[srv-gei.insa-toulouse.fr/PubliToolGEI/Enseignements/SFO/MIC-3/Documents/gitSFOMIC3/APPSFOPROF/etape3/moduleGPIOsimplified627.svg]
[srv-gei.insa-toulouse.fr/PubliToolGEI/Enseignements/SFO/MIC-3/Documents/gitSFOMIC3/APPSFOPROF/etape3/snapshotGPIOTst358b.svg]
[srv-gei.insa-toulouse.fr/home/castan/WWW/Enseignements/SFO/IMACS-3/Documents/sujet/PlanMemoireNVIC.5d.delayed]
[srv-gei.insa-toulouse.fr/home/castan/PubliTool/webapps/ROOT/Enseignements/SFO/IMACS-3/Documents/sujet/PlanMemoireNVIC.png]
[srv-gei.insa-toulouse.fr/home/castan/PubliTool/webapps/ROOT/Enseignements/SFO/IMACS-3/Documents/sujet/PlanMemoireGPIO.png]
[srv-gei.insa-toulouse.fr/PubliToolGEI/Enseignements/SFO/MIC-3/Documents/gitSFOMIC3/APPSFOPROF/etape3/PlanMemoireGPIO.svg]
[srv-gei.insa-toulouse.fr/PubliToolGEI/Enseignements/SFO/MIC-3/Documents/gitSFOMIC3/APPSFOPROF/etape3/carteGPIO358b.svg]
[srv-gei.insa-toulouse.fr/PubliToolGEI/Enseignements/SFO/MIC-3/Documents/gitSFOMIC3/APPSFOPROF/etape3/CarteGPIOTstSimulationSnapshot358b.svg]
[srv-gei.insa-toulouse.fr/PubliToolGEI/Enseignements/SFO/MIC-3/Documents/gitSFOMIC3/APPSFOPROF/etape4/indexd968.svg]
[srv-gei.insa-toulouse.fr/PubliToolGEI/Enseignements/SFO/MIC-3/Documents/gitSFOMIC3/APPSFOPROF/etape4/index3eba.svg]
[srv-gei.insa-toulouse.fr/PubliToolGEI/Enseignements/SFO/MIC-3/Documents/gitSFOMIC3/APPSFOPROF/etape4/PlanMemoireRamDisk23f0.svg]
[srv-gei.insa-toulouse.fr/PubliToolGEI/Enseignements/SFO/MIC-3/Documents/gitSFOMIC3/APPSFOPROF/etape4/MachineEtat9f8e.svg]
[srv-gei.insa-toulouse.fr/PubliToolGEI/Enseignements/SFO/MIC-3/Documents/gitSFOMIC3/APPSFOPROF/arch/ual2a/UAL16bMD.svg]
[srv-gei.insa-toulouse.fr/PubliToolGEI/Enseignements/SFO/MIC-3/Documents/gitSFOMIC3/APPSFOPROF/aide/sauvegardeRegistres1.svg]
[srv-gei.insa-toulouse.fr/PubliToolGEI/Enseignements/SFO/MIC-3/Documents/gitSFOMIC3/APPSFOPROF/aide/sauvegardeRegistres2.svg]
[srv-gei.insa-toulouse.fr/PubliToolGEI/Enseignements/SFO/MIC-3/Documents/gitSFOMIC3/APPSFOPROF/tutoriel_assembleur/indexd3c0.html]
[srv-gei.insa-toulouse.fr/PubliToolGEI/Enseignements/SFO/MIC-3/Documents/gitSFOMIC3/APPSFOPROF/tutoriel_assembleur/indexcc65.html]
[srv-gei.insa-toulouse.fr/home/castan/WWW/Enseignements/SFO/IMACS-3/Documents/sujet/PlanMemoireNVIC.html]
[srv-gei.insa-toulouse.fr/home/castan/PubliTool/webapps/ROOT/Enseignements/SFO/IMACS-3/Documents/sujet/PlanMemoireNVIC.html]
[srv-gei.insa-toulouse.fr/home/castan/PubliTool/webapps/ROOT/Enseignements/SFO/IMACS-3/Documents/sujet/PlanMemoireGPIO.html]
