<html>
<body>
<pre>
<h1>µVision Build Log</h1>
<h2>Tool Versions:</h2>
IDE-Version: µVision V5.23.0.0
Copyright (C) 2017 ARM Ltd and ARM Germany GmbH. All rights reserved.
License Information: CSN CSN, INSA de Toulouse, LIC=----
 
Tool Versions:
Toolchain:       MDK-Lite  Version: 5.23
Toolchain Path:  C:\Keil_v5\ARM\ARMCC\Bin
C Compiler:      Armcc.exe V5.06 update 4 (build 422)
Assembler:       Armasm.exe V5.06 update 4 (build 422)
Linker/Locator:  ArmLink.exe V5.06 update 4 (build 422)
Library Manager: ArmAr.exe V5.06 update 4 (build 422)
Hex Converter:   FromElf.exe V5.06 update 4 (build 422)
CPU DLL:         SARMCM3.DLL V5.23
Dialog DLL:      DARMSTM.DLL V1.68.0.0
Target DLL:      STLink\ST-LINKIII-KEIL_SWO.dll V2.0.18.0
Dialog DLL:      TARMSTM.DLL V1.66.0.0
 
<h2>Project:</h2>
U:\Windows\Bureau\BE CHTI\DFT\Projet_Step_1\Proj_Step_1.uvproj
Project File Date:  05/28/2018

<h2>Output:</h2>
*** Using Compiler 'V5.06 update 4 (build 422)', folder: 'C:\Keil_v5\ARM\ARMCC\Bin'
Rebuild target 'Cible_Simulateur'
compiling principal.c...
Sources\principal.c(13): warning:  #550-D: variable "resCos"  was set but never used
  int resCos[64] ;
Sources\principal.c(14): warning:  #550-D: variable "resSin"  was set but never used
  int resSin[64] ;
Sources\principal.c: 2 warnings, 0 errors
assembling Tempo.s...
Sources\Tempo.s(66): warning: A1581W: Added 2 bytes of padding at address 0x4e
assembling bruitverre.asm...
assembling Signal.asm...
assembling Trigo.asm...
assembling startup-rvds.s...
linking...
Program Size: Code=312 RO-data=636 RW-data=0 ZI-data=1024  
".\Proj_Step_1.axf" - 0 Error(s), 3 Warning(s).
Build Time Elapsed:  00:00:01
</pre>
</body>
</html>
